2025-08-07 17:13:06,317 - INFO - Succesfully read the YAML file
2025-08-07 17:13:06,317 - INFO - Data Ingestion Started
2025-08-07 17:13:06,317 - INFO - Starting data ingestion process
2025-08-07 17:13:06,317 - INFO - Loading GCP key
2025-08-07 17:13:07,351 - ERROR - Error while downloading data
2025-08-07 17:13:07,351 - ERROR - CustomException : Error in C:\Users\user\Desktop\brainwave-basket\Anime_Recommender_System\src\data_ingestion.py, line 38 : Failed to download data
2025-08-07 17:13:07,352 - INFO - Data Ingestion completed....
2025-08-07 17:13:50,575 - INFO - Succesfully read the YAML file
2025-08-07 17:13:50,576 - INFO - Data Ingestion Started
2025-08-07 17:13:50,576 - INFO - Starting data ingestion process
2025-08-07 17:13:50,576 - INFO - Loading GCP key
2025-08-07 17:13:51,557 - ERROR - Error while downloading data
2025-08-07 17:13:51,557 - ERROR - CustomException : Error in C:\Users\user\Desktop\brainwave-basket\Anime_Recommender_System\src\data_ingestion.py, line 38 : Failed to download data
2025-08-07 17:13:51,557 - INFO - Data Ingestion completed....
2025-08-07 17:14:57,019 - INFO - Succesfully read the YAML file
2025-08-07 17:14:57,019 - INFO - Data Ingestion Started
2025-08-07 17:14:57,019 - INFO - Starting data ingestion process
2025-08-07 17:14:57,019 - INFO - Loading GCP key
2025-08-07 17:15:00,964 - INFO - Downloading smaller files
2025-08-07 17:15:04,433 - INFO - Downloading smaller files
