2025-08-22 09:22:52,791 - INFO - DataProcessing Intialized
2025-08-22 09:22:53,353 - INFO - Data loaded sucesfully for Data Processing
2025-08-22 09:22:53,444 - INFO - Filtered users sucesfully...
2025-08-22 09:22:54,152 - INFO - Scalind done for Processing 
2025-08-22 09:22:54,235 - INFO - Encoding done for Users and Anime
2025-08-22 09:22:54,532 - INFO - Data splitted successfully
2025-08-22 09:22:54,539 - INFO - user2user_encoded saved sucesfully in processed directory
2025-08-22 09:22:54,546 - INFO - user2user_decoded saved sucesfully in processed directory
2025-08-22 09:22:54,571 - INFO - anim2anime_encoded saved sucesfully in processed directory
2025-08-22 09:22:54,597 - INFO - anim2anime_decoded saved sucesfully in processed directory
2025-08-22 09:22:54,618 - INFO - X_train_array saved sucesfully in processed directory
2025-08-22 09:22:54,619 - INFO - X_test_array saved sucesfully in processed directory
2025-08-22 09:22:54,640 - INFO - y_train saved sucesfully in processed directory
2025-08-22 09:22:54,640 - INFO - y_test saved sucesfully in processed directory
2025-08-22 09:22:57,327 - INFO - ALl the training testing data as well as rating_df is saved now..
2025-08-22 09:23:00,771 - INFO - DF AND SYNOPSIS_Df saved sucesfullyy...
2025-08-22 09:23:00,773 - INFO - Data Processing Pipeline Run sucesfully .... Congrats
2025-08-22 09:26:50,252 - INFO - DataProcessing Intialized
2025-08-22 09:26:50,808 - INFO - Data loaded sucesfully for Data Processing
2025-08-22 09:26:50,900 - INFO - Filtered users sucesfully...
2025-08-22 09:26:51,605 - INFO - Scalind done for Processing 
2025-08-22 09:26:51,696 - INFO - Encoding done for Users and Anime
2025-08-22 09:26:51,998 - INFO - Data splitted successfully
2025-08-22 09:26:52,005 - INFO - user2user_encoded saved sucesfully in processed directory
2025-08-22 09:26:52,012 - INFO - user2user_decoded saved sucesfully in processed directory
2025-08-22 09:26:52,037 - INFO - anim2anime_encoded saved sucesfully in processed directory
2025-08-22 09:26:52,062 - INFO - anim2anime_decoded saved sucesfully in processed directory
2025-08-22 09:26:52,086 - INFO - X_train_array saved sucesfully in processed directory
2025-08-22 09:26:52,087 - INFO - X_test_array saved sucesfully in processed directory
2025-08-22 09:26:52,110 - INFO - y_train saved sucesfully in processed directory
2025-08-22 09:26:52,111 - INFO - y_test saved sucesfully in processed directory
2025-08-22 09:26:54,794 - INFO - ALl the training testing data as well as rating_df is saved now..
2025-08-22 09:26:58,192 - INFO - DF AND SYNOPSIS_Df saved sucesfullyy...
2025-08-22 09:26:58,194 - INFO - Data Processing Pipeline Run sucesfully .... Congrats
2025-08-22 09:27:40,721 - INFO - DataProcessing Intialized
2025-08-22 09:27:41,275 - INFO - Data loaded sucesfully for Data Processing
2025-08-22 09:27:41,363 - INFO - Filtered users sucesfully...
2025-08-22 09:27:42,069 - INFO - Scalind done for Processing 
2025-08-22 09:27:42,153 - INFO - Encoding done for Users and Anime
2025-08-22 09:27:42,450 - INFO - Data splitted successfully
2025-08-22 09:27:42,457 - INFO - user2user_encoded saved sucesfully in processed directory
2025-08-22 09:27:42,464 - INFO - user2user_decoded saved sucesfully in processed directory
2025-08-22 09:27:42,490 - INFO - anim2anime_encoded saved sucesfully in processed directory
2025-08-22 09:27:42,516 - INFO - anim2anime_decoded saved sucesfully in processed directory
2025-08-22 09:27:42,541 - INFO - X_train_array saved sucesfully in processed directory
2025-08-22 09:27:42,541 - INFO - X_test_array saved sucesfully in processed directory
2025-08-22 09:27:42,566 - INFO - y_train saved sucesfully in processed directory
2025-08-22 09:27:42,567 - INFO - y_test saved sucesfully in processed directory
2025-08-22 09:27:45,220 - INFO - ALl the training testing data as well as rating_df is saved now..
2025-08-22 09:27:48,503 - INFO - DF AND SYNOPSIS_Df saved sucesfullyy...
2025-08-22 09:27:48,505 - INFO - Data Processing Pipeline Run sucesfully .... Congrats
2025-08-22 09:27:48,505 - INFO - Hellow
