2025-08-20 09:09:42,457 - INFO - Succesfully read the YAML file
2025-08-20 09:09:42,457 - INFO - Data Ingestion Started
2025-08-20 09:09:42,457 - INFO - Starting data ingestion process
2025-08-20 09:09:42,457 - INFO - Loading GCP key
2025-08-20 09:09:47,334 - INFO - Downloading smaller files
2025-08-20 09:09:51,278 - INFO - Downloading smaller files
2025-08-20 09:19:08,571 - INFO - Large file detected Only downloading 5M rows
2025-08-20 09:19:08,576 - INFO - Data ingestion completed successfully
2025-08-20 09:19:08,576 - INFO - Data Ingestion completed....
2025-08-20 10:22:42,285 - INFO - Succesfully read the YAML file
2025-08-20 10:22:42,287 - INFO - Data Ingestion Started
2025-08-20 10:22:42,287 - INFO - Starting data ingestion process
2025-08-20 10:22:42,287 - INFO - Loading GCP key
2025-08-20 10:22:47,246 - INFO - Downloading smaller files
2025-08-20 10:22:52,084 - INFO - Downloading smaller files
2025-08-20 10:33:10,017 - INFO - Large file detected Only downloading 5M rows (109224747, 5)
2025-08-20 10:33:10,202 - INFO - Data ingestion completed successfully
2025-08-20 10:33:10,202 - INFO - Data Ingestion completed....
2025-08-20 11:51:21,703 - INFO - Succesfully read the YAML file
2025-08-20 11:51:21,704 - INFO - Data Ingestion Started
2025-08-20 11:51:21,704 - INFO - Starting data ingestion process
2025-08-20 11:51:21,704 - INFO - Loading GCP key
2025-08-20 11:51:25,382 - INFO - Downloading smaller files
2025-08-20 11:51:28,828 - INFO - Downloading smaller files
2025-08-20 12:03:12,755 - INFO - Large file detected Only downloading 5M rows (5000000, 5)
2025-08-20 12:03:12,764 - INFO - Data ingestion completed successfully
2025-08-20 12:03:12,765 - INFO - Data Ingestion completed....
